foo  bar   baz
1    0134  1234567890
12   a     00
